// Jest Snapshot v1, https://goo.gl/fbAQLP

exports[`Tooltip renders correctly 1`] = `
<div
  aria-describedby={null}
  className=""
  onMouseLeave={[Function]}
  onMouseOver={[Function]}
  onTouchEnd={[Function]}
  onTouchStart={[Function]}
  title={null}
>
  children
</div>
`;
