// Jest Snapshot v1, https://goo.gl/fbAQLP

exports[`GroupSearch.View should render correctly [JPT-2789] 1`] = `
<JuiGroupSearch
  clearText="globalSearch.clear"
  closeIconAriaLabel="close-icon"
  closeIconTooltip="common.dialog.close"
  dialogTitle="groupSearch.dialogTitle"
  itemCount={1}
  itemToString={[Function]}
  listTitle="groupSearch.listTitle"
  onClear={[Function]}
  onDialogClose={[Function]}
  onInputChange={[Function]}
  onKeyDownEscape={[Function]}
  onSelectChange={[Function]}
  searchKey=""
  searchPlaceHolder="groupSearch.inputGhostText"
>
  <Component />
</JuiGroupSearch>
`;
