// Jest Snapshot v1, https://goo.gl/fbAQLP

exports[`RuiCircularProgress renders correctly 1`] = `
<div>
  <div
    className="MuiCircularProgress-root MuiCircularProgress-colorPrimary MuiCircularProgress-indeterminate"
    role="progressbar"
    style={
      Object {
        "height": 24,
        "width": 24,
      }
    }
  >
    <svg
      className="MuiCircularProgress-svg"
      viewBox="22 22 44 44"
    >
      <circle
        className="MuiCircularProgress-circle MuiCircularProgress-circleIndeterminate"
        cx={44}
        cy={44}
        fill="none"
        r={20.2}
        strokeWidth={3.6}
        style={Object {}}
      />
    </svg>
  </div>
  <div
    className="MuiCircularProgress-root MuiCircularProgress-colorSecondary MuiCircularProgress-indeterminate"
    role="progressbar"
    style={
      Object {
        "height": 30,
        "width": 30,
      }
    }
  >
    <svg
      className="MuiCircularProgress-svg"
      viewBox="22 22 44 44"
    >
      <circle
        className="MuiCircularProgress-circle MuiCircularProgress-circleIndeterminate"
        cx={44}
        cy={44}
        fill="none"
        r={20.2}
        strokeWidth={3.6}
        style={Object {}}
      />
    </svg>
  </div>
</div>
`;

exports[`RuiLinearProgress renders correctly 1`] = `
<div>
  <div
    className="MuiLinearProgress-root MuiLinearProgress-colorPrimary MuiLinearProgress-indeterminate"
    role="progressbar"
  >
    <div
      className="MuiLinearProgress-bar MuiLinearProgress-bar1Indeterminate MuiLinearProgress-barColorPrimary"
      style={Object {}}
    />
    <div
      className="MuiLinearProgress-bar MuiLinearProgress-bar2Indeterminate MuiLinearProgress-barColorPrimary"
      style={Object {}}
    />
  </div>
  <div
    className="MuiLinearProgress-root MuiLinearProgress-colorSecondary MuiLinearProgress-indeterminate"
    role="progressbar"
  >
    <div
      className="MuiLinearProgress-bar MuiLinearProgress-bar1Indeterminate MuiLinearProgress-barColorSecondary"
      style={Object {}}
    />
    <div
      className="MuiLinearProgress-bar MuiLinearProgress-bar2Indeterminate MuiLinearProgress-barColorSecondary"
      style={Object {}}
    />
  </div>
</div>
`;
